// Jest Snapshot v1, https://goo.gl/fbAQLP

exports[`Components export Icon exports successfully 1`] = `
<svg
  className="wen-design-svg"
>
  <use
    xlinkHref="#car"
  />
</svg>
`;
